<div class="NavFrame" style="clear:both; white-space: nowrap">
    <div class="NavHead">  Conjugation of the <a
            href="http://www.bliki.info/wiki/Appendix:Portuguese_verbs" title="Appendix:Portuguese verbs">Portuguese <i>-ar</i> verb</a>
        <i>cantar </i>
    </div>
    <div class="NavContent">
        <div style="page-break-inside: avoid;">
            <table cellpadding="3" cellspacing="0" style="border: 1px solid #999999; background:#F6F6F6; text-align: left;">
                <tr>
                    <td colspan="7" style="border: 1px solid #999999;">
                        <div style="text-align: left">
                            <b>Notes</b>:<sup class="plainlinks">[<a
                                class="external text"
                                href="http://en.wikipedia.org/w/index.php?title=Template%3Apt-verb%2Far&amp;action=edit" rel="nofollow">edit</a>]</sup>
                        </div>
                        <div style="white-space: normal; text-align: left">
                            <ul>
                                <li>This is a regular   verb of the <b>-ar</b> group.</li>
                                <li/>
                                <li/>

                                <li>Verbs with this conjugation include: <i
                                        class="Latn mention" lang="pt">
                                    <a
                                            href="http://www.bliki.info/wiki/Amar#Portuguese" title="Amar">amar</a>
                                </i>, <i class="Latn mention" lang="pt">
                                    <a
                                            href="http://www.bliki.info/wiki/Cantar#Portuguese" title="Cantar">cantar</a>
                                </i>, <i class="Latn mention" lang="pt">
                                    <a
                                            href="http://www.bliki.info/wiki/Gritar#Portuguese" title="Gritar">gritar</a>
                                </i>, <i class="Latn mention" lang="pt">
                                    <a
                                            href="http://www.bliki.info/wiki/Marchar#Portuguese" title="Marchar">marchar</a>
                                </i>, <i class="Latn mention" lang="pt">
                                    <a
                                            href="http://www.bliki.info/wiki/Mostrar#Portuguese" title="Mostrar">mostrar</a>
                                </i>, <i class="Latn mention" lang="pt">
                                    <a
                                            href="http://www.bliki.info/wiki/Nadar#Portuguese" title="Nadar">nadar</a>
                                </i>, <i class="Latn mention" lang="pt">
                                    <a
                                            href="http://www.bliki.info/wiki/Parar#Portuguese" title="Parar">parar</a>
                                </i>, <i class="Latn mention" lang="pt">
                                    <a
                                            href="http://www.bliki.info/wiki/Participar#Portuguese" title="Participar">participar</a>
                                </i>, <i class="Latn mention" lang="pt">
                                    <a
                                            href="http://www.bliki.info/wiki/Retirar#Portuguese" title="Retirar">retirar</a>
                                </i>, <i class="Latn mention" lang="pt">
                                    <a
                                            href="http://www.bliki.info/wiki/Separar#Portuguese" title="Separar">separar</a>
                                </i>, <i class="Latn mention" lang="pt">
                                    <a
                                            href="http://www.bliki.info/wiki/Viajar#Portuguese" title="Viajar">viajar</a>
                                </i>.</li>
                            </ul>
                        </div>
                    </td>
                </tr>
                <tr>
                    <th rowspan="2" style="border: 1px solid #999999; background:#B0B0B0"/>
                    <th colspan="3" style="border: 1px solid #999999; background:#D0D0D0">Singular</th>
                    <th colspan="3" style="border: 1px solid #999999; background:#D0D0D0">Plural</th>
                </tr>
                <tr>
                    <th
                            style="border: 1px solid #999999; background:#D0D0D0; width:12.5%">First-person<br/>(<i
                            class="Latn mention" lang="pt">
                        <a
                                href="http://www.bliki.info/wiki/Eu#Portuguese" title="Eu">eu</a>
                    </i>)</th>
                    <th
                            style="border: 1px solid #999999; background:#D0D0D0; width:12.5%">Second-person<br/>(<i
                            class="Latn mention" lang="pt">
                        <a
                                href="http://www.bliki.info/wiki/Tu#Portuguese" title="Tu">tu</a>
                    </i>)</th>
                    <th
                            style="border: 1px solid #999999; background:#D0D0D0; width:12.5%">Third-person<br/>(<i
                            class="Latn mention" lang="pt">
                        <a
                                href="http://www.bliki.info/wiki/Ele#Portuguese" title="Ele">ele</a>
                    </i>/<i class="Latn mention" lang="pt">
                        <a
                                href="http://www.bliki.info/wiki/Ela#Portuguese" title="Ela">ela</a>
                    </i>/<i class="Latn mention" lang="pt">
                        <a
                                href="http://www.bliki.info/wiki/Voc%C3%AA#Portuguese" title="Você">você</a>
                    </i>)</th>
                    <th
                            style="border: 1px solid #999999; background:#D0D0D0; width:12.5%">First-person<br/>(<i
                            class="Latn mention" lang="pt">
                        <a
                                href="http://www.bliki.info/wiki/N%C3%B3s#Portuguese" title="Nós">nós</a>
                    </i>)</th>
                    <th
                            style="border: 1px solid #999999; background:#D0D0D0; width:12.5%">Second-person<br/>(<i
                            class="Latn mention" lang="pt">
                        <a
                                href="http://www.bliki.info/wiki/V%C3%B3s#Portuguese" title="Vós">vós</a>
                    </i>)</th>
                    <th
                            style="border: 1px solid #999999; background:#D0D0D0; width:12.5%">Third-person<br/>(<i
                            class="Latn mention" lang="pt">
                        <a
                                href="http://www.bliki.info/wiki/Eles#Portuguese" title="Eles">eles</a>
                    </i>/<i class="Latn mention" lang="pt">
                        <a
                                href="http://www.bliki.info/wiki/Elas#Portuguese" title="Elas">elas</a>
                    </i>/<i class="Latn mention" lang="pt">
                        <a
                                href="http://www.bliki.info/wiki/Voc%C3%AAs#Portuguese" title="Vocês">vocês</a>
                    </i>)</th>
                </tr>
                <tr>
                    <th colspan="7" style="border: 1px solid #999999; background:#c498ff">
                        <i>Infinitive</i>
                    </th>
                </tr>
                <tr>
                    <th style="border: 1px solid #999999; background:#a478df">
                        <b>Impersonal</b>
                    </th>
                    <td colspan="6" style="border: 1px solid #999999; vertical-align: top;">
                        <span class="Latn" lang="pt">
                            <a
                                    href="http://www.bliki.info/wiki/Cantar#Portuguese" title="Cantar">cantar</a>
                        </span>
                    </td>
                </tr>
                <tr>
                    <th style="border: 1px solid #999999; background:#a478df">
                        <b>Personal</b>
                    </th>
                    <td style="border: 1px solid #999999; vertical-align: top;">
                        <span class="Latn" lang="pt">
                            <a
                                    href="http://www.bliki.info/wiki/Cantar#Portuguese" title="Cantar">cantar</a>
                        </span>
                    </td>
                    <td style="border: 1px solid #999999; vertical-align: top;">
                        <span class="Latn" lang="pt">
                            <a
                                    href="http://www.bliki.info/wiki/Cantares#Portuguese" title="Cantares">cantares</a>
                        </span>
                    </td>
                    <td style="border: 1px solid #999999; vertical-align: top;">
                        <span class="Latn" lang="pt">
                            <a
                                    href="http://www.bliki.info/wiki/Cantar#Portuguese" title="Cantar">cantar</a>
                        </span>
                    </td>
                    <td style="border: 1px solid #999999; vertical-align: top;">
                        <span class="Latn" lang="pt">
                            <a
                                    href="http://www.bliki.info/wiki/Cantarmos#Portuguese" title="Cantarmos">cantarmos</a>
                        </span>
                    </td>
                    <td style="border: 1px solid #999999; vertical-align: top;">
                        <span class="Latn" lang="pt">
                            <a
                                    href="http://www.bliki.info/wiki/Cantardes#Portuguese" title="Cantardes">cantardes</a>
                        </span>
                    </td>
                    <td style="border: 1px solid #999999; vertical-align: top;">
                        <span class="Latn" lang="pt">
                            <a
                                    href="http://www.bliki.info/wiki/Cantarem#Portuguese" title="Cantarem">cantarem</a>
                        </span>
                    </td>
                </tr>
                <tr>
                    <th colspan="7" style="border: 1px solid #999999; background:#98ffc4">
                        <i>Gerund</i>
                    </th>
                </tr>
                <tr>
                    <td style="border: 1px solid #999999; background:#78dfa4"/>
                    <td colspan="6" style="border: 1px solid #999999; vertical-align: top;">
                        <span class="Latn" lang="pt">
                            <a
                                    href="http://www.bliki.info/wiki/Cantando#Portuguese" title="Cantando">cantando</a>
                        </span>
                    </td>
                </tr>
                <tr>
                    <th colspan="7" style="border: 1px solid #999999; background:#ffc498">
                        <i>Past participle</i>
                    </th>
                </tr>
                <tr>
                    <th style="border: 1px solid #999999; background:#dfa478">Masculine</th>
                    <td colspan="3" style="border: 1px solid #999999; vertical-align: top;">
                        <span class="Latn" lang="pt">
                            <a
                                    href="http://www.bliki.info/wiki/Cantado#Portuguese" title="Cantado">cantado</a>
                        </span>
                    </td>
                    <td colspan="3" style="border: 1px solid #999999; vertical-align: top;">
                        <span class="Latn" lang="pt">
                            <a
                                    href="http://www.bliki.info/wiki/Cantados#Portuguese" title="Cantados">cantados</a>
                        </span>
                    </td>
                </tr>
                <tr>
                    <th style="border: 1px solid #999999; background:#dfa478">Feminine</th>
                    <td colspan="3" style="border: 1px solid #999999; vertical-align: top;">
                        <span class="Latn" lang="pt">
                            <a
                                    href="http://www.bliki.info/wiki/Cantada#Portuguese" title="Cantada">cantada</a>
                        </span>
                    </td>
                    <td colspan="3" style="border: 1px solid #999999; vertical-align: top;">
                        <span class="Latn" lang="pt">
                            <a
                                    href="http://www.bliki.info/wiki/Cantadas#Portuguese" title="Cantadas">cantadas</a>
                        </span>
                    </td>
                </tr>
                <tr>
                    <th colspan="7" style="border: 1px solid #999999; background:#d0dff4">
                        <i>Indicative</i>
                    </th>
                </tr>
                <tr>
                    <th style="border: 1px solid #999999; background:#b0bfd4">Present</th>
                    <td style="border: 1px solid #999999; vertical-align: top;">
                        <span class="Latn" lang="pt">
                            <a
                                    href="http://www.bliki.info/wiki/Canto#Portuguese" title="Canto">canto</a>
                        </span>
                    </td>
                    <td style="border: 1px solid #999999; vertical-align: top;">
                        <span class="Latn" lang="pt">
                            <a
                                    href="http://www.bliki.info/wiki/Cantas#Portuguese" title="Cantas">cantas</a>
                        </span>
                    </td>
                    <td style="border: 1px solid #999999; vertical-align: top;">
                        <span class="Latn" lang="pt">
                            <a
                                    href="http://www.bliki.info/wiki/Canta#Portuguese" title="Canta">canta</a>
                        </span>
                    </td>
                    <td style="border: 1px solid #999999; vertical-align: top;">
                        <span class="Latn" lang="pt">
                            <a
                                    href="http://www.bliki.info/wiki/Cantamos#Portuguese" title="Cantamos">cantamos</a>
                        </span>
                    </td>
                    <td style="border: 1px solid #999999; vertical-align: top;">
                        <span class="Latn" lang="pt">
                            <a
                                    href="http://www.bliki.info/wiki/Cantais#Portuguese" title="Cantais">cantais</a>
                        </span>
                    </td>
                    <td style="border: 1px solid #999999; vertical-align: top;">
                        <span class="Latn" lang="pt">
                            <a
                                    href="http://www.bliki.info/wiki/Cantam#Portuguese" title="Cantam">cantam</a>
                        </span>
                    </td>
                </tr>
                <tr>
                    <th style="border: 1px solid #999999; background:#b0bfd4">Imperfect</th>
                    <td style="border: 1px solid #999999; vertical-align: top;">
                        <span class="Latn" lang="pt">
                            <a
                                    href="http://www.bliki.info/wiki/Cantava#Portuguese" title="Cantava">cantava</a>
                        </span>
                    </td>
                    <td style="border: 1px solid #999999; vertical-align: top;">
                        <span class="Latn" lang="pt">
                            <a
                                    href="http://www.bliki.info/wiki/Cantavas#Portuguese" title="Cantavas">cantavas</a>
                        </span>
                    </td>
                    <td style="border: 1px solid #999999; vertical-align: top;">
                        <span class="Latn" lang="pt">
                            <a
                                    href="http://www.bliki.info/wiki/Cantava#Portuguese" title="Cantava">cantava</a>
                        </span>
                    </td>
                    <td style="border: 1px solid #999999; vertical-align: top;">
                        <span class="Latn" lang="pt">
                            <a
                                    href="http://www.bliki.info/wiki/Cant%C3%A1vamos#Portuguese" title="Cantávamos">cantávamos</a>
                        </span>
                    </td>
                    <td style="border: 1px solid #999999; vertical-align: top;">
                        <span class="Latn" lang="pt">
                            <a
                                    href="http://www.bliki.info/wiki/Cant%C3%A1veis#Portuguese" title="Cantáveis">cantáveis</a>
                        </span>
                    </td>
                    <td style="border: 1px solid #999999; vertical-align: top;">
                        <span class="Latn" lang="pt">
                            <a
                                    href="http://www.bliki.info/wiki/Cantavam#Portuguese" title="Cantavam">cantavam</a>
                        </span>
                    </td>
                </tr>
                <tr>
                    <th style="border: 1px solid #999999; background:#b0bfd4">Preterite</th>
                    <td style="border: 1px solid #999999; vertical-align: top;">
                        <span class="Latn" lang="pt">
                            <a
                                    href="http://www.bliki.info/wiki/Cantei#Portuguese" title="Cantei">cantei</a>
                        </span>
                    </td>
                    <td style="border: 1px solid #999999; vertical-align: top;">
                        <span class="Latn" lang="pt">
                            <a
                                    href="http://www.bliki.info/wiki/Cantaste#Portuguese" title="Cantaste">cantaste</a>
                        </span>
                    </td>
                    <td style="border: 1px solid #999999; vertical-align: top;">
                        <span class="Latn" lang="pt">
                            <a
                                    href="http://www.bliki.info/wiki/Cantou#Portuguese" title="Cantou">cantou</a>
                        </span>
                    </td>
                    <td style="border: 1px solid #999999; vertical-align: top;">
                        <span class="Latn" lang="pt">
                            <a
                                    href="http://www.bliki.info/wiki/Cantamos#Portuguese" title="Cantamos">cantamos</a>
                        </span>
                        <br/>
                        <span class="Latn" lang="pt">
                            <a
                                    href="http://www.bliki.info/wiki/Cant%C3%A1mos#Portuguese" title="Cantámos">cantámos</a>
                        </span>
                    </td>
                    <td style="border: 1px solid #999999; vertical-align: top;">
                        <span class="Latn" lang="pt">
                            <a
                                    href="http://www.bliki.info/wiki/Cantastes#Portuguese" title="Cantastes">cantastes</a>
                        </span>
                    </td>
                    <td style="border: 1px solid #999999; vertical-align: top;">
                        <span class="Latn" lang="pt">
                            <a
                                    href="http://www.bliki.info/wiki/Cantaram#Portuguese" title="Cantaram">cantaram</a>
                        </span>
                    </td>
                </tr>
                <tr>
                    <th style="border: 1px solid #999999; background:#b0bfd4">Pluperfect</th>
                    <td style="border: 1px solid #999999; vertical-align: top;">
                        <span class="Latn" lang="pt">
                            <a
                                    href="http://www.bliki.info/wiki/Cantara#Portuguese" title="Cantara">cantara</a>
                        </span>
                    </td>
                    <td style="border: 1px solid #999999; vertical-align: top;">
                        <span class="Latn" lang="pt">
                            <a
                                    href="http://www.bliki.info/wiki/Cantaras#Portuguese" title="Cantaras">cantaras</a>
                        </span>
                    </td>
                    <td style="border: 1px solid #999999; vertical-align: top;">
                        <span class="Latn" lang="pt">
                            <a
                                    href="http://www.bliki.info/wiki/Cantara#Portuguese" title="Cantara">cantara</a>
                        </span>
                    </td>
                    <td style="border: 1px solid #999999; vertical-align: top;">
                        <span class="Latn" lang="pt">
                            <a
                                    href="http://www.bliki.info/wiki/Cant%C3%A1ramos#Portuguese" title="Cantáramos">cantáramos</a>
                        </span>
                    </td>
                    <td style="border: 1px solid #999999; vertical-align: top;">
                        <span class="Latn" lang="pt">
                            <a
                                    href="http://www.bliki.info/wiki/Cant%C3%A1reis#Portuguese" title="Cantáreis">cantáreis</a>
                        </span>
                    </td>
                    <td style="border: 1px solid #999999; vertical-align: top;">
                        <span class="Latn" lang="pt">
                            <a
                                    href="http://www.bliki.info/wiki/Cantaram#Portuguese" title="Cantaram">cantaram</a>
                        </span>
                    </td>
                </tr>
                <tr>
                    <th style="border: 1px solid #999999; background:#b0bfd4">Future</th>
                    <td style="border: 1px solid #999999; vertical-align: top;">
                        <span class="Latn" lang="pt">
                            <a
                                    href="http://www.bliki.info/wiki/Cantarei#Portuguese" title="Cantarei">cantarei</a>
                        </span>
                    </td>
                    <td style="border: 1px solid #999999; vertical-align: top;">
                        <span class="Latn" lang="pt">
                            <a
                                    href="http://www.bliki.info/wiki/Cantar%C3%A1s#Portuguese" title="Cantarás">cantarás</a>
                        </span>
                    </td>
                    <td style="border: 1px solid #999999; vertical-align: top;">
                        <span class="Latn" lang="pt">
                            <a
                                    href="http://www.bliki.info/wiki/Cantar%C3%A1#Portuguese" title="Cantará">cantará</a>
                        </span>
                    </td>
                    <td style="border: 1px solid #999999; vertical-align: top;">
                        <span class="Latn" lang="pt">
                            <a
                                    href="http://www.bliki.info/wiki/Cantaremos#Portuguese" title="Cantaremos">cantaremos</a>
                        </span>
                    </td>
                    <td style="border: 1px solid #999999; vertical-align: top;">
                        <span class="Latn" lang="pt">
                            <a
                                    href="http://www.bliki.info/wiki/Cantareis#Portuguese" title="Cantareis">cantareis</a>
                        </span>
                    </td>
                    <td style="border: 1px solid #999999; vertical-align: top;">
                        <span class="Latn" lang="pt">
                            <a
                                    href="http://www.bliki.info/wiki/Cantar%C3%A3o#Portuguese" title="Cantarão">cantarão</a>
                        </span>
                    </td>
                </tr>
                <tr>
                    <th style="border: 1px solid #999999; background:#b0bfd4">Conditional</th>
                    <td style="border: 1px solid #999999; vertical-align: top;">
                        <span class="Latn" lang="pt">
                            <a
                                    href="http://www.bliki.info/wiki/Cantaria#Portuguese" title="Cantaria">cantaria</a>
                        </span>
                    </td>
                    <td style="border: 1px solid #999999; vertical-align: top;">
                        <span class="Latn" lang="pt">
                            <a
                                    href="http://www.bliki.info/wiki/Cantarias#Portuguese" title="Cantarias">cantarias</a>
                        </span>
                    </td>
                    <td style="border: 1px solid #999999; vertical-align: top;">
                        <span class="Latn" lang="pt">
                            <a
                                    href="http://www.bliki.info/wiki/Cantaria#Portuguese" title="Cantaria">cantaria</a>
                        </span>
                    </td>
                    <td style="border: 1px solid #999999; vertical-align: top;">
                        <span class="Latn" lang="pt">
                            <a
                                    href="http://www.bliki.info/wiki/Cantar%C3%ADamos#Portuguese" title="Cantaríamos">cantaríamos</a>
                        </span>
                    </td>
                    <td style="border: 1px solid #999999; vertical-align: top;">
                        <span class="Latn" lang="pt">
                            <a
                                    href="http://www.bliki.info/wiki/Cantar%C3%ADeis#Portuguese" title="Cantaríeis">cantaríeis</a>
                        </span>
                    </td>
                    <td style="border: 1px solid #999999; vertical-align: top;">
                        <span class="Latn" lang="pt">
                            <a
                                    href="http://www.bliki.info/wiki/Cantariam#Portuguese" title="Cantariam">cantariam</a>
                        </span>
                    </td>
                </tr>
                <tr>
                    <th colspan="7" style="border: 1px solid #999999; background:#d0f4d0">
                        <i>Subjunctive</i>
                    </th>
                </tr>
                <tr>
                    <th style="border: 1px solid #999999; background:#b0d4b0">Present</th>
                    <td style="border: 1px solid #999999; vertical-align: top;">
                        <span class="Latn" lang="pt">
                            <a
                                    href="http://www.bliki.info/wiki/Cante#Portuguese" title="Cante">cante</a>
                        </span>
                    </td>
                    <td style="border: 1px solid #999999; vertical-align: top;">
                        <span class="Latn" lang="pt">
                            <a
                                    href="http://www.bliki.info/wiki/Cantes#Portuguese" title="Cantes">cantes</a>
                        </span>
                    </td>
                    <td style="border: 1px solid #999999; vertical-align: top;">
                        <span class="Latn" lang="pt">
                            <a
                                    href="http://www.bliki.info/wiki/Cante#Portuguese" title="Cante">cante</a>
                        </span>
                    </td>
                    <td style="border: 1px solid #999999; vertical-align: top;">
                        <span class="Latn" lang="pt">
                            <a
                                    href="http://www.bliki.info/wiki/Cantemos#Portuguese" title="Cantemos">cantemos</a>
                        </span>
                    </td>
                    <td style="border: 1px solid #999999; vertical-align: top;">
                        <span class="Latn" lang="pt">
                            <a
                                    href="http://www.bliki.info/wiki/Canteis#Portuguese" title="Canteis">canteis</a>
                        </span>
                    </td>
                    <td style="border: 1px solid #999999; vertical-align: top;">
                        <span class="Latn" lang="pt">
                            <a
                                    href="http://www.bliki.info/wiki/Cantem#Portuguese" title="Cantem">cantem</a>
                        </span>
                    </td>
                </tr>
                <tr>
                    <th style="border: 1px solid #999999; background:#b0d4b0">Imperfect</th>
                    <td style="border: 1px solid #999999; vertical-align: top;">
                        <span class="Latn" lang="pt">
                            <a
                                    href="http://www.bliki.info/wiki/Cantasse#Portuguese" title="Cantasse">cantasse</a>
                        </span>
                    </td>
                    <td style="border: 1px solid #999999; vertical-align: top;">
                        <span class="Latn" lang="pt">
                            <a
                                    href="http://www.bliki.info/wiki/Cantasses#Portuguese" title="Cantasses">cantasses</a>
                        </span>
                    </td>
                    <td style="border: 1px solid #999999; vertical-align: top;">
                        <span class="Latn" lang="pt">
                            <a
                                    href="http://www.bliki.info/wiki/Cantasse#Portuguese" title="Cantasse">cantasse</a>
                        </span>
                    </td>
                    <td style="border: 1px solid #999999; vertical-align: top;">
                        <span class="Latn" lang="pt">
                            <a
                                    href="http://www.bliki.info/wiki/Cant%C3%A1ssemos#Portuguese" title="Cantássemos">cantássemos</a>
                        </span>
                    </td>
                    <td style="border: 1px solid #999999; vertical-align: top;">
                        <span class="Latn" lang="pt">
                            <a
                                    href="http://www.bliki.info/wiki/Cant%C3%A1sseis#Portuguese" title="Cantásseis">cantásseis</a>
                        </span>
                    </td>
                    <td style="border: 1px solid #999999; vertical-align: top;">
                        <span class="Latn" lang="pt">
                            <a
                                    href="http://www.bliki.info/wiki/Cantassem#Portuguese" title="Cantassem">cantassem</a>
                        </span>
                    </td>
                </tr>
                <tr>
                    <th style="border: 1px solid #999999; background:#b0d4b0">Future</th>
                    <td style="border: 1px solid #999999; vertical-align: top;">
                        <span class="Latn" lang="pt">
                            <a
                                    href="http://www.bliki.info/wiki/Cantar#Portuguese" title="Cantar">cantar</a>
                        </span>
                    </td>
                    <td style="border: 1px solid #999999; vertical-align: top;">
                        <span class="Latn" lang="pt">
                            <a
                                    href="http://www.bliki.info/wiki/Cantares#Portuguese" title="Cantares">cantares</a>
                        </span>
                    </td>
                    <td style="border: 1px solid #999999; vertical-align: top;">
                        <span class="Latn" lang="pt">
                            <a
                                    href="http://www.bliki.info/wiki/Cantar#Portuguese" title="Cantar">cantar</a>
                        </span>
                    </td>
                    <td style="border: 1px solid #999999; vertical-align: top;">
                        <span class="Latn" lang="pt">
                            <a
                                    href="http://www.bliki.info/wiki/Cantarmos#Portuguese" title="Cantarmos">cantarmos</a>
                        </span>
                    </td>
                    <td style="border: 1px solid #999999; vertical-align: top;">
                        <span class="Latn" lang="pt">
                            <a
                                    href="http://www.bliki.info/wiki/Cantardes#Portuguese" title="Cantardes">cantardes</a>
                        </span>
                    </td>
                    <td style="border: 1px solid #999999; vertical-align: top;">
                        <span class="Latn" lang="pt">
                            <a
                                    href="http://www.bliki.info/wiki/Cantarem#Portuguese" title="Cantarem">cantarem</a>
                        </span>
                    </td>
                </tr>
                <tr>
                    <th colspan="7" style="border: 1px solid #999999; background:#f4e4d0">
                        <i>Imperative</i>
                    </th>
                </tr>
                <tr>
                    <th style="border: 1px solid #999999; background:#d4c4b0">Affirmative</th>
                    <td style="border: 1px solid #999999; vertical-align: top;">
                        <span class="Latn" lang="pt">
                            <a
                                    href="http://www.bliki.info/wiki/Cante#Portuguese" title="Cante">cante</a>
                        </span>
                    </td>
                    <td style="border: 1px solid #999999; vertical-align: top;">
                        <span class="Latn" lang="pt">
                            <a
                                    href="http://www.bliki.info/wiki/Canta#Portuguese" title="Canta">canta</a>
                        </span>
                    </td>
                    <td style="border: 1px solid #999999; vertical-align: top;">
                        <span class="Latn" lang="pt">
                            <a
                                    href="http://www.bliki.info/wiki/Cante#Portuguese" title="Cante">cante</a>
                        </span>
                    </td>
                    <td style="border: 1px solid #999999; vertical-align: top;">
                        <span class="Latn" lang="pt">
                            <a
                                    href="http://www.bliki.info/wiki/Cantemos#Portuguese" title="Cantemos">cantemos</a>
                        </span>
                    </td>
                    <td style="border: 1px solid #999999; vertical-align: top;">
                        <span class="Latn" lang="pt">
                            <a
                                    href="http://www.bliki.info/wiki/Cantai#Portuguese" title="Cantai">cantai</a>
                        </span>
                    </td>
                    <td style="border: 1px solid #999999; vertical-align: top;">
                        <span class="Latn" lang="pt">
                            <a
                                    href="http://www.bliki.info/wiki/Cantem#Portuguese" title="Cantem">cantem</a>
                        </span>
                    </td>
                </tr>
                <tr>
                    <th
                            style="border: 1px solid #999999; background:#d4c4b0">Negative (<i
                            class="Latn mention" lang="pt">
                        <a
                                href="http://www.bliki.info/wiki/N%C3%A3o#Portuguese" title="Não">não</a>
                    </i>)</th>
                    <td style="border: 1px solid #999999; vertical-align: top;">
                        <span class="Latn" lang="pt">
                            <a
                                    href="http://www.bliki.info/wiki/Cante#Portuguese" title="Cante">cante</a>
                        </span>
                    </td>
                    <td style="border: 1px solid #999999; vertical-align: top;">
                        <span class="Latn" lang="pt">
                            <a
                                    href="http://www.bliki.info/wiki/Cantes#Portuguese" title="Cantes">cantes</a>
                        </span>
                    </td>
                    <td style="border: 1px solid #999999; vertical-align: top;">
                        <span class="Latn" lang="pt">
                            <a
                                    href="http://www.bliki.info/wiki/Cante#Portuguese" title="Cante">cante</a>
                        </span>
                    </td>
                    <td style="border: 1px solid #999999; vertical-align: top;">
                        <span class="Latn" lang="pt">
                            <a
                                    href="http://www.bliki.info/wiki/Cantemos#Portuguese" title="Cantemos">cantemos</a>
                        </span>
                    </td>
                    <td style="border: 1px solid #999999; vertical-align: top;">
                        <span class="Latn" lang="pt">
                            <a
                                    href="http://www.bliki.info/wiki/Canteis#Portuguese" title="Canteis">canteis</a>
                        </span>
                    </td>
                    <td style="border: 1px solid #999999; vertical-align: top;">
                        <span class="Latn" lang="pt">
                            <a
                                    href="http://www.bliki.info/wiki/Cantem#Portuguese" title="Cantem">cantem</a>
                        </span>
                    </td>
                </tr>
            </table>
        </div>
    </div>
</div>
